// Jest Snapshot v1, https://goo.gl/fbAQLP

exports[`TruliooForm did not change 1`] = `
<div>
  No Schema Defined
</div>
`;
